<html>
<body>
<pre>
<h1>µVision Build Log</h1>
<h2>Tool Versions:</h2>
IDE-Version: ¦ÌVision V5.29.0.0
Copyright (C) 2019 ARM Ltd and ARM Germany GmbH. All rights reserved.
License Information: Curry Liu, NXP, LIC=LJWSB-LXDLA-T9T9Z-2CG0U-GT95F-MX3I9
 
Tool Versions:
Toolchain:       MDK-ARM Professional  Version: 5.29.0.0
Toolchain Path:  C:\Keil_v5\ARM\ARMCC\Bin
C Compiler:      Armcc.exe V5.06 update 6 (build 750)
Assembler:       Armasm.exe V5.06 update 6 (build 750)
Linker/Locator:  ArmLink.exe V5.06 update 6 (build 750)
Library Manager: ArmAr.exe V5.06 update 6 (build 750)
Hex Converter:   FromElf.exe V5.06 update 6 (build 750)
CPU DLL:         SARMCM3.DLL V5.29.0.0
Dialog DLL:      DCM.DLL V1.17.3.0
Target DLL:      Segger\JL2CM3.dll V2.99.36.0
Dialog DLL:      TCM.DLL V1.36.5.0
 
<h2>Project:</h2>
C:\work\SE\Openmv\OpenMV_CMM\micropython-rocky\ports\prj_keil_rt1060\mpyrt1060.uvprojx
Project File Date:  04/28/2020

<h2>Output:</h2>
*** Using Compiler 'V5.06 update 6 (build 750)', folder: 'C:\Keil_v5\ARM\ARMCC\Bin'
Rebuild target 'rel_omvrt1'
compiling arm_cos_q15.c...
compiling arm_cos_f32.c...
compiling arm_common_tables.c...
compiling arm_cos_q31.c...
compiling arm_sin_f32.c...
compiling arm_sin_q15.c...
compiling arm_sqrt_q15.c...
compiling arm_sin_q31.c...
compiling arm_sqrt_q31.c...
compiling arm_mat_add_q15.c...
compiling arm_mat_add_f32.c...
compiling arm_mat_add_q31.c...
compiling arm_mat_cmplx_mult_q15.c...
compiling arm_mat_cmplx_mult_f32.c...
compiling arm_mat_cmplx_mult_q31.c...
compiling arm_mat_init_f32.c...
compiling arm_mat_init_q15.c...
compiling arm_mat_init_q31.c...
compiling arm_mat_inverse_f64.c...
compiling arm_mat_inverse_f32.c...
compiling arm_mat_mult_f32.c...
compiling arm_mat_mult_fast_q15.c...
compiling arm_mat_mult_fast_q31.c...
compiling arm_mat_mult_q15.c...
compiling arm_mat_mult_q31.c...
compiling arm_mat_scale_f32.c...
compiling arm_mat_scale_q15.c...
compiling arm_mat_scale_q31.c...
compiling arm_mat_sub_f32.c...
compiling arm_mat_sub_q15.c...
compiling arm_mat_sub_q31.c...
compiling arm_mat_trans_q15.c...
compiling arm_mat_trans_f32.c...
compiling arm_mat_trans_q31.c...
compiling arm_nn_activations_q7.c...
compiling arm_nn_activations_q15.c...
compiling arm_relu_q7.c...
compiling arm_relu_q15.c...
compiling arm_convolve_1x1_HWC_q7_fast_nonsquare.c...
compiling arm_convolve_HWC_q7_basic.c...
compiling arm_convolve_HWC_q7_fast_nonsquare.c...
compiling arm_convolve_HWC_q7_fast.c...
compiling arm_convolve_HWC_q7_RGB.c...
compiling arm_convolve_HWC_q15_basic.c...
compiling arm_convolve_HWC_q15_fast.c...
compiling arm_depthwise_separable_conv_HWC_q7.c...
compiling arm_depthwise_separable_conv_HWC_q7_nonsquare.c...
compiling arm_nn_mat_mult_kernel_q7_q15.c...
compiling arm_nn_mat_mult_kernel_q7_q15_reordered.c...
compiling arm_fully_connected_mat_q7_vec_q15.c...
compiling arm_fully_connected_mat_q7_vec_q15_opt.c...
compiling arm_fully_connected_q7.c...
compiling arm_fully_connected_q15.c...
compiling arm_fully_connected_q7_opt.c...
compiling arm_fully_connected_q15_opt.c...
compiling arm_nntables.c...
compiling arm_q7_to_q15_no_shift.c...
compiling arm_softmax_q7.c...
..\..\lib\cmsis\nn\SoftmaxFunctions\arm_softmax_q7.c(99): warning: C4018W: division by zero: /
    int output_base = 0x100000 / sum;
..\..\lib\cmsis\nn\SoftmaxFunctions\arm_softmax_q7.c: 1 warning, 0 errors
compiling arm_q7_to_q15_reordered_no_shift.c...
compiling arm_pool_q7_HWC.c...
compiling argcheck.c...
compiling asmbase.c...
compiling arm_softmax_q15.c...
compiling bc.c...
compiling binary.c...
compiling builtinevex.c...
compiling asmthumb.c...
..\..\py\asmthumb.c(120): warning:  #1215-D: #warning directive: rocky: ARM ac5 ALWAYS define __arm__, most of mp code and its libraries expects __arm__ NOT defined on Cortex-M cores!
  #warning rocky: ARM ac5 ALWAYS define __arm__, most of mp code and its libraries expects __arm__ NOT defined on Cortex-M cores!
..\..\py\asmthumb.c: 1 warning, 0 errors
compiling builtinhelp.c...
..\..\py\builtinhelp.c(173): warning:  #167-D: argument of type "const mp_obj_t *" is incompatible with parameter of type "mp_obj_t *"
  	    if (!(mp_obj_is_str(args[0]) && DOC_DoWork(n_args, args) > 0))
..\..\py\builtinhelp.c: 1 warning, 0 errors
compiling builtinimport.c...
compiling emitcommon.c...
compiling emitbc.c...
compiling emitglue.c...
compiling compile.c...
compiling emitinlinethumb.c...
compiling formatfloat.c...
compiling frozenmod.c...
compiling gc.c...
compiling malloc.c...
compiling lexer.c...
compiling modarray.c...
compiling map.c...
compiling modcollections.c...
compiling modcmath.c...
compiling modgc.c...
compiling modio.c...
compiling modbuiltins.c...
compiling modmath.c...
compiling modstruct.c...
compiling modsys.c...
compiling modthread.c...
compiling modmicropython.c...
compiling moduerrno.c...
compiling mpstate.c...
compiling nativeglue.c...
compiling mpz.c...
compiling mpprint.c...
compiling nlrsetjmp.c...
compiling obj.c...
compiling nlrthumb.c...
..\..\py\nlrthumb.c(242): warning:  #513-D: a value of type "int" cannot be assigned to an entity of type "void *"
      if (0 == val) val = 1;
..\..\py\nlrthumb.c(242): warning:  #152-D: conversion of nonzero integer to pointer
      if (0 == val) val = 1;
..\..\py\nlrthumb.c: 2 warnings, 0 errors
compiling objarray.c...
compiling objattrtuple.c...
compiling objboundmeth.c...
compiling objbool.c...
compiling objcell.c...
compiling objclosure.c...
compiling objcomplex.c...
compiling objenumerate.c...
compiling objdict.c...
compiling objexcept.c...
compiling objfilter.c...
compiling objfloat.c...
compiling objfun.c...
compiling objgenerator.c...
compiling objgetitemiter.c...
compiling objint.c...
compiling objint_longlong.c...
compiling objint_mpz.c...
compiling objmap.c...
compiling objlist.c...
compiling objmodule.c...
compiling objnone.c...
compiling objnamedtuple.c...
compiling objobject.c...
compiling objpolyiter.c...
compiling objproperty.c...
compiling objrange.c...
compiling objreversed.c...
compiling objset.c...
compiling objsingleton.c...
compiling objslice.c...
compiling objstringio.c...
compiling objstrunicode.c...
compiling objstr.c...
compiling objtuple.c...
compiling objzip.c...
compiling opmethods.c...
compiling objtype.c...
compiling parsenumbase.c...
compiling parsenum.c...
compiling parse.c...
compiling persistentcode.c...
compiling reader.c...
compiling qstr.c...
compiling runtime_utils.c...
compiling repl.c...
compiling runtime.c...
compiling scheduler.c...
compiling scope.c...
compiling sequence.c...
compiling smallint.c...
compiling showbc.c...
compiling stackctrl.c...
compiling unicode.c...
compiling stream.c...
compiling vstr.c...
compiling warning.c...
compiling asmarm.c...
compiling nlrxtensa.c...
compiling emitinlinextensa.c...
compiling emitnarm.c...
compiling nlr.c...
compiling nlrpowerpc.c...
compiling emitnthumb.c...
..\..\py\emitnthumb.c(16): warning:  #47-D: incompatible redefinition of macro "N_THUMB" 
  #define N_THUMB (1)
..\..\py/emitnative.c(2349): warning:  #186-D: pointless comparison of unsigned integer with zero
          } else if (MP_BINARY_OP_LESS <= op && op <= MP_BINARY_OP_NOT_EQUAL) {
..\..\py\emitnthumb.c: 2 warnings, 0 errors
compiling objdeque.c...
compiling omvdummy.c...
compiling profile.c...
compiling vm.c...
compiling pystack.c...
compiling ringbuf.c...
compiling string0.c...
compiling unicode.c...
compiling ff.c...
compiling netutils.c...
compiling timeutils.c...
compiling readline.c...
compiling interrupt_char.c...
compiling printf.c...
compiling pyexec.c...
..\..\py/bc.h(249): warning:  #1293-D: assignment in condition
      while ((c = *line_info)) {
..\..\lib\utils\pyexec.c: 1 warning, 0 errors
compiling softqspi.c...
compiling softspi.c...
compiling cfg_mux_mgr.c...
compiling doc_mgr.c...
compiling machine_mem.c...
compiling machine_pinbase.c...
compiling machine_signal.c...
compiling machine_pulse.c...
compiling modbtree.c...
compiling modframebuf.c...
compiling machine_spi.c...
compiling modubinascii.c...
compiling moduhashlib.c...
compiling moductypes.c...
compiling moduheapq.c...
compiling modurandom.c...
compiling modujson.c...
compiling modure.c...
compiling modussl_axtls.c...
compiling modussl_mbedtls.c...
compiling modutimeq.c...
compiling moduselect.c...
compiling modwebrepl.c...
compiling moduzlib.c...
compiling modwebsocket.c...
compiling uos_dupterm.c...
compiling vfs.c...
compiling vfs_fat.c...
compiling utime_mphal.c...
compiling vfs_fat_file.c...
compiling vfs_reader.c...
compiling virtpin.c...
compiling vfs_fat_diskio.c...
compiling vfs_blockdev.c...
compiling fsl_adc.c...
compiling fsl_adc_etc.c...
compiling fsl_aipstz.c...
compiling fsl_aoi.c...
compiling fsl_bee.c...
compiling fsl_cache.c...
compiling fsl_clock.c...
compiling fsl_cmp.c...
compiling fsl_common.c...
compiling fsl_dcdc.c...
compiling fsl_csi.c...
compiling fsl_dcp.c...
compiling fsl_dmamux.c...
compiling fsl_elcdif.c...
compiling fsl_edma.c...
compiling fsl_enc.c...
compiling fsl_ewm.c...
compiling fsl_enet.c...
compiling fsl_flexcan.c...
compiling fsl_flexram.c...
compiling fsl_flexspi.c...
compiling fsl_gpc.c...
compiling fsl_gpio.c...
compiling fsl_gpt.c...
compiling fsl_kpp.c...
compiling fsl_lpi2c_edma.c...
compiling fsl_lpi2c.c...
compiling fsl_lpspi.c...
compiling fsl_lpspi_edma.c...
compiling fsl_lpuart.c...
compiling fsl_lpuart_edma.c...
compiling fsl_pit.c...
compiling fsl_pmu.c...
compiling fsl_pwm.c...
compiling fsl_pxp.c...
compiling fsl_qtmr.c...
compiling fsl_rtwdog.c...
compiling fsl_sai.c...
compiling fsl_sai_edma.c...
compiling fsl_semc.c...
compiling fsl_snvs_hp.c...
compiling fsl_snvs_lp.c...
compiling fsl_src.c...
compiling fsl_spdif.c...
compiling fsl_spdif_edma.c...
compiling fsl_trng.c...
compiling fsl_tsc.c...
compiling fsl_usdhc.c...
compiling fsl_wdog.c...
compiling fsl_xbara.c...
compiling fsl_xbarb.c...
compiling fsl_csi_camera_adapter.c...
compiling fsl_debug_console.c...
compiling fsl_log.c...
compiling fsl_assert.c...
compiling fsl_str.c...
compiling fsl_shell.c...
compiling frozen_mpy.c...
..\..\py/bc.h(249): warning:  #1293-D: assignment in condition
      while ((c = *line_info)) {
..\nxp_rt1050_60\build-omvrt1\frozen_mpy.c: 1 warning, 0 errors
assembling startup_MIMXRT1052.s...
..\nxp_rt1050_60\startup_MIMXRT1052.s(448): warning: A1488W: PROC/FUNC at line 411 in '..\nxp_rt1050_60\startup_MIMXRT1052.s' without matching ENDP/ENDFUNC
..\nxp_rt1050_60\startup_MIMXRT1052.s(456): warning: A1609W: MOV <rd>,pc instruction does not set bit zero, so does not create a return address
compiling fsl_io.c...
assembling gchelper_armccv5.S...
compiling pins_omvrt1.c...
compiling bufhelper.c...
compiling system_MIMXRT1052.c...
compiling isr.c...
..\nxp_rt1050_60\isr.c(487): warning:  #186-D: pointless comparison of unsigned integer with zero
  	for (i=0; i<ARRAY_SIZE(s_ignrList); i++) {
..\nxp_rt1050_60\isr.c: 1 warning, 0 errors
compiling dma.c...
compiling adc.c...
..\nxp_rt1050_60\adc.c(201): warning:  #186-D: pointless comparison of unsigned integer with zero
      if (ADC_FIRST_GPIO_CHANNEL <= channel && channel <= ADC_LAST_GPIO_CHANNEL) {
..\nxp_rt1050_60\adc.c(309): warning:  #177-D: variable "self"  was declared but never referenced
      pyb_adc_all_obj_t *self = MP_OBJ_TO_PTR(self_in);
..\nxp_rt1050_60\adc.c: 2 warnings, 0 errors
compiling gccollect.c...
compiling dcmc.c...
..\nxp_rt1050_60\dcmc.c(41): warning:  #550-D: variable "error"  was set but never used
  		float error = 1.0;
..\nxp_rt1050_60\dcmc.c: 1 warning, 0 errors
compiling help.c...
compiling fatfs_port.c...
compiling irq.c...
compiling led.c...
compiling main.c...
..\nxp_rt1050_60\main.c(151): warning:  #177-D: variable "fresh_boot_py"  was declared but never referenced
  static const char fresh_boot_py[] __ALIGNED(4) =
..\nxp_rt1050_60\main.c(162): warning:  #177-D: variable "fresh_selftest_py"  was declared but never referenced
  static const char fresh_selftest_py[] =
..\nxp_rt1050_60\main.c(237): warning:  #177-D: variable "fresh_main_py"  was declared but never referenced
  static const char fresh_main_py[] __ALIGNED(4) =
..\nxp_rt1050_60\main.c(253): warning:  #177-D: variable "fresh_pybcdc_inf"  was declared but never referenced
  static const char fresh_pybcdc_inf[] __ALIGNED(4) =
..\nxp_rt1050_60\main.c(257): warning:  #177-D: variable "fresh_readme_txt"  was declared but never referenced
  static const char fresh_readme_txt[] __ALIGNED(4) =
..\nxp_rt1050_60\main.c: 5 warnings, 0 errors
compiling modnetwork.c...
compiling main_omv.c...
..\..\py/bc.h(249): warning:  #1293-D: assignment in condition
      while ((c = *line_info)) {
..\nxp_rt1050_60\main_omv.c(449): warning:  #177-D: label "cleanup"  was declared but never referenced
  cleanup:
..\nxp_rt1050_60\main_omv.c: 2 warnings, 0 errors
compiling modmachine.c...
compiling moduos.c...
compiling modpyb.c...
compiling modusocket.c...
compiling modmcu.c...
compiling mpthreadport.c...
compiling modutime.c...
compiling mphalport.c...
compiling pendsv.c...
..\nxp_rt1050_60\pendsv.c(266): warning: A1581W: Added 2 bytes of padding at address 0x12
compiling pin_named_pins.c...
compiling pin.c...
compiling pybstdio.c...
compiling pybthread.c...
..\nxp_rt1050_60\irq.h(45): warning:  #223-D: function "__get_PRIMASK" declared implicitly
      return __get_PRIMASK();
..\..\lib\cmsis\inc\cmsis_armcc.h(238): warning:  #159-D: declaration is incompatible with previous "__get_PRIMASK"  (declared at line 45 of "..\nxp_rt1050_60\irq.h")
  __STATIC_INLINE uint32_t __get_PRIMASK(void)
..\nxp_rt1050_60\pybthread.c: 2 warnings, 0 errors
compiling rng.c...
..\nxp_rt1050_60\rng.c(44): warning:  #177-D: variable "i"  was declared but never referenced
      uint32_t i;
..\nxp_rt1050_60\rng.c: 1 warning, 0 errors
compiling rtc.c...
..\nxp_rt1050_60\rtc.c(123): warning:  #550-D: variable "sec"  was set but never used
      uint32_t sec;
..\nxp_rt1050_60\rtc.c(125): warning:  #550-D: variable "index"  was set but never used
      uint8_t index;
..\nxp_rt1050_60\rtc.c(41): warning:  #177-D: variable "rtc_info"  was declared but never referenced
  static mp_uint_t rtc_info;
..\nxp_rt1050_60\rtc.c(51): warning:  #177-D: function "RTC_CalendarConfig"  was declared but never referenced
  STATIC void RTC_CalendarConfig(void);
..\nxp_rt1050_60\rtc.c(54): warning:  #177-D: variable "rtc_use_lse"  was declared but never referenced
  STATIC bool rtc_use_lse = true;
..\nxp_rt1050_60\rtc.c(58): warning:  #177-D: variable "rtc_startup_tick"  was declared but never referenced
  STATIC uint32_t rtc_startup_tick;
..\nxp_rt1050_60\rtc.c(59): warning:  #177-D: variable "rtc_need_init_finalise"  was declared but never referenced
  STATIC bool rtc_need_init_finalise = false;
..\nxp_rt1050_60\rtc.c(63): warning:  #177-D: function "lse_magic"  was declared but never referenced
  STATIC bool lse_magic(void) {
..\nxp_rt1050_60\rtc.c(158): warning:  #177-D: variable "pyb_rtc_obj"  was declared but never referenced
  STATIC const pyb_rtc_obj_t pyb_rtc_obj = {{&pyb_rtc_type}};
..\nxp_rt1050_60\rtc.c: 9 warnings, 0 errors
compiling servo.c...
..\nxp_rt1050_60\servo.c(486): warning:  #550-D: variable "usTo"  was set but never used
  			int32_t usTo;
..\nxp_rt1050_60\servo.c: 1 warning, 0 errors
compiling sdcard.c...
compiling i2c.c...
..\nxp_rt1050_60\i2c.c(481): warning:  #177-D: variable "status"  was declared but never referenced
  	uint32_t status;
..\nxp_rt1050_60\i2c.c(826): warning:  #550-D: variable "mem_addr_size"  was set but never used
      mp_uint_t mem_addr_size = 1;
..\nxp_rt1050_60\i2c.c: 2 warnings, 0 errors
compiling pwm.c...
compiling qtimer.c...
compiling rpm.c...
compiling srpm.c...
compiling spi.c...
..\nxp_rt1050_60\spi.c(90): warning:  #69-D: integer conversion resulted in truncation
      {{&pyb_spi_type}, 0, PYB_SPI_0, 0, 0 , 0, 1000000, 
..\nxp_rt1050_60\spi.c: 1 warning, 0 errors
compiling systick.c...
compiling tmr.c...
compiling uniqueID.c...
compiling uart.c...
..\nxp_rt1050_60\uart.c(367): warning:  #177-D: function "uart_wait_flag_set"  was declared but never referenced
  STATIC bool uart_wait_flag_set(pyb_uart_obj_t *self, uint32_t flag, uint32_t timeout) {
..\nxp_rt1050_60\uart.c: 1 warning, 0 errors
compiling usb_app.c...
compiling usbd_msc_storage.c...
..\nxp_rt1050_60\usbd_msc_storage.c(237): warning:  #177-D: variable "errorCode"  was declared but never referenced
      status_t errorCode = kStatus_Success;
..\nxp_rt1050_60\usbd_msc_storage.c(238): warning:  #177-D: variable "lbaInformation"  was declared but never referenced
      usb_device_lba_information_struct_t *lbaInformation;
..\nxp_rt1050_60\usbd_msc_storage.c: 2 warnings, 0 errors
compiling usrsw.c...
..\nxp_rt1050_60\usrsw.c(109): warning:  #177-D: variable "switch_callback_obj"  was declared but never referenced
  STATIC MP_DEFINE_CONST_FUN_OBJ_1(switch_callback_obj, switch_callback);
..\nxp_rt1050_60\usrsw.c: 1 warning, 0 errors
compiling hal_wrapper.c...
compiling pin_defs_mcu.c...
compiling overlay_manager.c...
..\nxp_rt1050_60\overlay_manager.c(118): warning:  #223-D: function "memcpy" declared implicitly
  		memcpy(pDst, pSrc, cb);
..\nxp_rt1050_60\overlay_manager.c(127): warning:  #223-D: function "memcpy" declared implicitly
  		memcpy(pDst, pSrc, cb);	
..\nxp_rt1050_60\overlay_manager.c(129): warning:  #177-D: label "Cleanup"  was declared but never referenced
  Cleanup:	
..\nxp_rt1050_60\overlay_manager.c: 3 warnings, 0 errors
compiling flash_hyper.c...
..\nxp_rt1050_60\flash_hyper.c(405): warning:  #177-D: variable "i"  was declared but never referenced
      uint32_t i = 0;
..\nxp_rt1050_60\flash_hyper.c(52): warning:  #177-D: variable "s_hyperflash_program_buffer"  was declared but never referenced
  static uint8_t s_hyperflash_program_buffer[FLASH_PAGE_SIZE];
..\nxp_rt1050_60\flash_hyper.c(53): warning:  #177-D: variable "s_hyperflash_read_buffer"  was declared but never referenced
  static uint8_t s_hyperflash_read_buffer[FLASH_PAGE_SIZE];
..\nxp_rt1050_60\flash_hyper.c: 3 warnings, 0 errors
compiling flash_pgm.c...
compiling board.c...
compiling clock_config.c...
..\nxp_rt1050_60\boards\omvrt1\clock_config.c(62): warning:  #177-D: function "BOARD_BootClockGate"  was declared but never referenced
  static void BOARD_BootClockGate(void)
..\nxp_rt1050_60\boards\omvrt1\clock_config.c: 1 warning, 0 errors
compiling pin_mux.c...
compiling usb_device_dci.c...
compiling usb_osa_bm.c...
compiling composite.c...
compiling usb_device_cdc_acm.c...
compiling usb_device_ch9.c...
compiling usb_device_class.c...
compiling usb_device_descriptor.c...
compiling usb_device_msc.c...
compiling usb_device_msc_ufi.c...
compiling virtual_com.c...
..\nxp_rt1050_60\usb_cdc_msc\virtual_com.c(541): warning:  #940-D: missing return statement at end of non-void function "StartOrResumeRecv" 
  }
..\nxp_rt1050_60\usb_cdc_msc\virtual_com.c(155): warning:  #550-D: variable "last_packet"  was set but never used
  static uint32_t last_packet = 0;
..\nxp_rt1050_60\usb_cdc_msc\virtual_com.c: 2 warnings, 0 errors
compiling ring_buffer.c...
..\nxp_rt1050_60\usb_cdc_msc\ring_buffer.c(203): warning:  #177-D: variable "i"  was declared but never referenced
  	uint32_t i;
..\nxp_rt1050_60\usb_cdc_msc\ring_buffer.c: 1 warning, 0 errors
compiling usb_phy.c...
compiling usb_device_ehci.c...
compiling fsl_sd.c...
..\nxp_rt1050_60\sdmmc\fsl_sd.c(348): warning:  #177-D: function "SD_SwitchVoltage"  was declared but never referenced
  static status_t SD_SwitchVoltage(sd_card_t *card)
..\nxp_rt1050_60\sdmmc\fsl_sd.c: 1 warning, 0 errors
compiling fsl_sdmmc_event.c...
compiling fsl_sdmmc_common.c...
compiling fusion.c...
..\nxp_rt1050_60\ay_imu\core\fusion.c(199): warning:  #550-D: variable "delta_m"  was set but never used
      q_t delta_m;
..\nxp_rt1050_60\ay_imu\core\fusion.c: 1 warning, 0 errors
compiling integration.c...
compiling fsl_sdmmc_host.c...
compiling madgwick_fusion.c...
compiling dcm.c...
compiling mahony_fusion.c...
compiling eular.c...
compiling numerical_integration.c...
compiling quaternion.c...
compiling vector.c...
compiling fsl_flexspi_nor_boot.c...
compiling fsl_flexspi_nor_flash.c...
compiling cambus.c...
compiling flegftl.c...
compiling mt9v034.c...
compiling mutex.c...
compiling ov2640.c...
compiling ov7725.c...
compiling ov9650.c...
compiling sensor.c...
..\nxp_rt1050_60\omv\sensor.c(678): warning:  #550-D: variable "burstBytes"  was set but never used
  	uint32_t burstBytes;
..\nxp_rt1050_60\omv\sensor.c(176): warning:  #177-D: function "cambus_writes"  was declared but never referenced
  static status_t cambus_writes(uint8_t slv_addr, const ov7725_reg_t regs[], uint32_t num)
..\nxp_rt1050_60\omv\sensor.c(364): warning:  #177-D: variable "ov7725Resource"  was declared but never referenced
  static ov7725_resource_t ov7725Resource = {
..\nxp_rt1050_60\omv\sensor.c: 3 warnings, 0 errors
compiling xalloc.c...
compiling usbdbg.c...
..\nxp_rt1050_60\omv\usbdbg.c(375): warning:  #223-D: function "QTimer_StopAll" declared implicitly
      QTimer_StopAll();    
..\nxp_rt1050_60\omv\usbdbg.c(378): warning:  #159-D: declaration is incompatible with previous "QTimer_StopAll"  (declared at line 375)
  __WEAK void QTimer_StopAll(void) {}
..\nxp_rt1050_60\omv\usbdbg.c: 2 warnings, 0 errors
compiling framebuffer.c...
compiling array.c...
compiling fb_alloc.c...
compiling ini.c...
..\nxp_rt1050_60\omv\ini.c(121): warning:  #186-D: pointless comparison of unsigned integer with zero
          if ((digit < 0) || (digit > 9)) {
..\nxp_rt1050_60\omv\ini.c: 1 warning, 0 errors
compiling ff_wrapper.c...
compiling umm_malloc.c...
compiling py_gif.c...
compiling py_lcd_omvrt1.c...
compiling py_mjpeg.c...
compiling py_omv.c...
compiling py_winc.c...
compiling rgb2rgb_tab.c...
compiling fmath.c...
compiling py_nn.c...
compiling yuv_tab.c...
compiling py_image.c...
compiling py_time.c...
compiling py_helper.c...
compiling jpeg.c...
compiling agast.c...
compiling py_sensor.c...
compiling bmp.c...
compiling apriltag.c...
compiling collections.c...
compiling edge.c...
compiling blob.c...
compiling eye.c...
compiling dmtx.c...
..\nxp_rt1050_60\omv\img\dmtx.c(1308): warning:  #550-D: parameter "style"  was set but never used
  dmtxDecodeCreateDiagnostic(DmtxDecode *dec, int *totalBytes, int *headerBytes, int style)
..\nxp_rt1050_60\omv\img\dmtx.c(2771): warning:  #550-D: variable "err"  was set but never used
     int err;
..\nxp_rt1050_60\omv\img\dmtx.c(2816): warning:  #550-D: variable "img"  was set but never used
     DmtxImage *img;
..\nxp_rt1050_60\omv\img\dmtx.c(3248): warning:  #550-D: variable "clears"  was set but never used
     int posAssigns, negAssigns, clears;
..\nxp_rt1050_60\omv\img\dmtx.c(3355): warning:  #550-D: variable "err"  was set but never used
     DmtxPassFail err;
..\nxp_rt1050_60\omv\img\dmtx.c(4617): warning:  #550-D: variable "blockTotalWords"  was set but never used
     int blockDataWords, blockErrorWords, blockTotalWords, blockMaxCorrectable;
..\nxp_rt1050_60\omv\img\dmtx.c(5177): warning:  #550-D: variable "err"  was set but never used
     DmtxPassFail err;
..\nxp_rt1050_60\omv\img\dmtx.c: 7 warnings, 0 errors
compiling font.c...
compiling fsort.c...
compiling fft.c...
compiling gif.c...
compiling haar.c...
compiling hog.c...
compiling hough.c...
compiling integral.c...
compiling imlib.c...
compiling fast.c...
compiling invariant_tab.c...
compiling integral_mw.c...
compiling kmeans.c...
compiling lbp.c...
compiling lab_tab.c...
compiling lsd.c...
compiling mjpeg.c...
compiling orb.c...
compiling point.c...
compiling phasecorrelation.c...
compiling pool.c...
compiling rainbow_tab.c...
compiling ppm.c...
compiling rectangle.c...
compiling qrcode.c...
compiling sincos_tab.c...
compiling selective_search.c...
compiling shadow_removal.c...
compiling template.c...
compiling stats.c...
compiling xyz_tab.c...
compiling clahe.c...
compiling binary.c...
compiling zbar.c...
..\nxp_rt1050_60\omv\img\zbar.c(2132): warning:  #550-D: variable "h"  was set but never used
      unsigned w, h, cx1, cy1;
..\nxp_rt1050_60\omv\img\zbar.c: 1 warning, 0 errors
compiling draw.c...
compiling line.c...
compiling qsort.c...
compiling filter.c...
compiling mathop.c...
compiling nn.c...
..\nxp_rt1050_60\omv\nn\nn.c(524): warning:  #181-D: argument is incompatible with corresponding format string conversion
                          BUFFER_2STR(output_buffer), conv_layer->h, "col_buffer", NULL);
..\nxp_rt1050_60\omv\nn\nn.c: 1 warning, 0 errors
compiling m8266_hw.c...
..\..\drivers\m8266\m8266_hw.c(163): warning:  #223-D: function "led_state" declared implicitly
  		led_state(idx, 1);
..\..\drivers\m8266\m8266_hw.c(169): warning:  #223-D: function "led_state" declared implicitly
  		led_state(idx, 0);
..\..\drivers\m8266\m8266_hw.c(174): warning:  #223-D: function "led_state" declared implicitly
  	led_state(1, 0);
..\..\drivers\m8266\m8266_hw.c(320): warning:  #14-D: extra text after expected end of preprocessing directive
  #else ESP8266_UART_EN
..\..\drivers\m8266\m8266_hw.c(388): warning:  #223-D: function "mp_hal_delay_us" declared implicitly
     mp_hal_delay_us(nus);
..\..\drivers\m8266\m8266_hw.c(448): warning:  #223-D: function "M8266HostIf_SPI_Select" declared implicitly
  	if(M8266HostIf_SPI_Select((uint32_t)M8266WIFI_INTERFACE_SPI, spi_clk, &status)==0)
..\..\drivers\m8266\m8266_hw.c(455): warning:  #223-D: function "M8266WIFI_SPI_Interface_Communication_OK" declared implicitly
  	if(M8266WIFI_SPI_Interface_Communication_OK(&byte)==0) 	  									//	if SPI logical Communication failed
..\..\drivers\m8266\m8266_hw.c(461): warning:  #223-D: function "M8266WIFI_SPI_Interface_Communication_Stress_Test" declared implicitly
  	j = M8266WIFI_SPI_Interface_Communication_Stress_Test(i);
..\..\drivers\m8266\m8266_hw.c(467): warning:  #223-D: function "M8266WIFI_SPI_Set_Opmode" declared implicitly
  	if(M8266WIFI_SPI_Set_Opmode(mode, 0, &status)==0)  // set to AP Only mode, not saved // 1=STA Only, 2=AP Only, 3=STA+AP
..\..\drivers\m8266\m8266_hw.c: 9 warnings, 0 errors
compiling wifidbg.c...
..\..\py/bc.h(249): warning:  #1293-D: assignment in condition
      while ((c = *line_info)) {
..\nxp_rt1050_60\omv\wifidbg.c: 1 warning, 0 errors
compiling wifidbg_ctrl.c...
..\..\py/bc.h(249): warning:  #1293-D: assignment in condition
      while ((c = *line_info)) {
..\nxp_rt1050_60\omv\wifidbg_ctrl.c(16): warning:  #177-D: variable "xfer_bytes"  was declared but never referenced
  static int xfer_bytes;
..\nxp_rt1050_60\omv\wifidbg_ctrl.c(17): warning:  #177-D: variable "xfer_length"  was declared but never referenced
  static int xfer_length;
..\nxp_rt1050_60\omv\wifidbg_ctrl.c(18): warning:  #177-D: variable "cmd"  was declared but never referenced
  static enum usbdbg_cmd cmd;
..\nxp_rt1050_60\omv\wifidbg_ctrl.c: 4 warnings, 0 errors
linking...
C:\Users\nxf43161\AppData\Local\Temp\1\p6af0-3(65): warning: L6312W: Empty Execution region description for region OVERLAY_CODE_BLOB
.\Flh+RAM_1060.sct(32): warning: L6314W: No section matches pattern *(InRoot$$Section).
.\Flh+RAM_1060.sct(83): warning: L6329W: Pattern flash_hyper.o(RO) only matches removed unused sections.
.\Flh+RAM_1060.sct(115): warning: L6314W: No section matches pattern *(.ram_const).
.\Flh+RAM_1060.sct(125): warning: L6314W: No section matches pattern *(.lcd_fb).
Program Size: Code=555786 RO-data=648862 RW-data=32412 ZI-data=499872  
Finished: 0 information, 5 warning and 0 error messages.
FromELF: creating hex file...
After Build - User command #1: fromelf --bincombined --output=omvrt.bin C:\work\SE\Openmv\OpenMV_CMM\micropython-rocky\ports\prj_keil_rt1060\out_omvrt1\Objects\mpyrt_flexspi.axf
".\out_omvrt1\Objects\mpyrt_flexspi.axf" - 0 Error(s), 89 Warning(s).

<h2>Software Packages used:</h2>

Package Vendor: NXP
                http://mcuxpresso.nxp.com/cmsis_pack/repo/NXP.MIMXRT1062_DFP.11.0.0.pack
                NXP.MIMXRT1062_DFP.11.0.0
                Device Family Pack for MIMXRT1062

<h2>Collection of Component include folders:</h2>
  .\RTE\_rel_omvrt1
  C:\Keil_v5\ARM\PACK\NXP\MIMXRT1062_DFP\11.0.0

<h2>Collection of Component Files used:</h2>
Build Time Elapsed:  00:02:41
</pre>
</body>
</html>
