<html>
<body>
<pre>
<h1>µVision Build Log</h1>
<h2>Tool Versions:</h2>
IDE-Version: ¦ÌVision V5.29.0.0
Copyright (C) 2019 ARM Ltd and ARM Germany GmbH. All rights reserved.
License Information: Curry Liu, NXP, LIC=LJWSB-LXDLA-T9T9Z-2CG0U-GT95F-MX3I9
 
Tool Versions:
Toolchain:       MDK-ARM Professional  Version: 5.29.0.0
Toolchain Path:  C:\Keil_v5\ARM\ARMCC\Bin
C Compiler:      Armcc.exe V5.06 update 6 (build 750)
Assembler:       Armasm.exe V5.06 update 6 (build 750)
Linker/Locator:  ArmLink.exe V5.06 update 6 (build 750)
Library Manager: ArmAr.exe V5.06 update 6 (build 750)
Hex Converter:   FromElf.exe V5.06 update 6 (build 750)
CPU DLL:         SARMCM3.DLL V5.29.0.0
Dialog DLL:      DCM.DLL V1.17.3.0
Target DLL:      Segger\JL2CM3.dll V2.99.36.0
Dialog DLL:      TCM.DLL V1.36.5.0
 
<h2>Project:</h2>
C:\work\SE\Openmv\OpenMV_CMM\micropython-rocky\ports\prj_keil_rt1060\mpyrt1060.uvprojx
Project File Date:  04/29/2020

<h2>Output:</h2>
*** Using Compiler 'V5.06 update 6 (build 750)', folder: 'C:\Keil_v5\ARM\ARMCC\Bin'
Build target 'dbg_evk1060_sdram'
compiling readline.c...
linking...
..\prj_keil_rt1060_evk\sdram.sct(32): warning: L6314W: No section matches pattern *(InRoot$$Section).
..\prj_keil_rt1060_evk\sdram.sct(82): warning: L6329W: Pattern flash_hyper.o(RO) only matches removed unused sections.
..\prj_keil_rt1060_evk\sdram.sct(90): warning: L6314W: No section matches pattern *(.ram_const).
Program Size: Code=583758 RO-data=646526 RW-data=559984 ZI-data=2255012  
Finished: 0 information, 3 warning and 0 error messages.
".\out_evk1060_sdram\Objects\mpyrt_evk1060_sdram.axf" - 0 Error(s), 3 Warning(s).

<h2>Software Packages used:</h2>

Package Vendor: NXP
                http://mcuxpresso.nxp.com/cmsis_pack/repo/NXP.MIMXRT1062_DFP.11.0.0.pack
                NXP.MIMXRT1062_DFP.11.0.0
                Device Family Pack for MIMXRT1062

<h2>Collection of Component include folders:</h2>
  .\RTE\_dbg_evk1060_sdram
  C:\Keil_v5\ARM\PACK\NXP\MIMXRT1062_DFP\11.0.0

<h2>Collection of Component Files used:</h2>
Build Time Elapsed:  00:00:23
</pre>
</body>
</html>
